success
success
success
success
illegal argument
success
success
success
success
success
success
success
success
success
success
success
success
illegal argument
success
success
success
success
success
success
success
success
success
illegal argument
success
success
success
success
success
success
success
illegal argument
success
success
success
success
success
success
success
success
illegal argument
success
success
success
illegal argument
success
illegal argument
success
adjacent 3 4 2.82
not adjacent 7 6 31.57
mst 139.41
mst 139.41
mst 139.41
mst 139.41
mst 139.41
mst 139.41
mst 139.41
mst 139.41
